Archive member included because of file (symbol)

c:/freescale/kds_v3/toolchain/bin/../lib/gcc/arm-none-eabi/4.8.4/../../../../arm-none-eabi/lib/armv7e-m\libg_s.a(lib_a-errno.o)
                              ./utilities/fsl_sbrk.o (__errno)
c:/freescale/kds_v3/toolchain/bin/../lib/gcc/arm-none-eabi/4.8.4/../../../../arm-none-eabi/lib/armv7e-m\libg_s.a(lib_a-exit.o)
                              c:/freescale/kds_v3/toolchain/bin/../lib/gcc/arm-none-eabi/4.8.4/../../../../arm-none-eabi/lib/armv7e-m/crt0.o (exit)
c:/freescale/kds_v3/toolchain/bin/../lib/gcc/arm-none-eabi/4.8.4/../../../../arm-none-eabi/lib/armv7e-m\libg_s.a(lib_a-impure.o)
                              c:/freescale/kds_v3/toolchain/bin/../lib/gcc/arm-none-eabi/4.8.4/../../../../arm-none-eabi/lib/armv7e-m\libg_s.a(lib_a-exit.o) (_global_impure_ptr)
c:/freescale/kds_v3/toolchain/bin/../lib/gcc/arm-none-eabi/4.8.4/../../../../arm-none-eabi/lib/armv7e-m\libg_s.a(lib_a-init.o)
                              c:/freescale/kds_v3/toolchain/bin/../lib/gcc/arm-none-eabi/4.8.4/../../../../arm-none-eabi/lib/armv7e-m/crt0.o (__libc_init_array)
c:/freescale/kds_v3/toolchain/bin/../lib/gcc/arm-none-eabi/4.8.4/../../../../arm-none-eabi/lib/armv7e-m\libg_s.a(lib_a-memcpy-stub.o)
                              ./drivers/fsl_flash.o (memcpy)
c:/freescale/kds_v3/toolchain/bin/../lib/gcc/arm-none-eabi/4.8.4/../../../../arm-none-eabi/lib/armv7e-m\libg_s.a(lib_a-memmove.o)
                              ./utilities/fsl_shell.o (memmove)
c:/freescale/kds_v3/toolchain/bin/../lib/gcc/arm-none-eabi/4.8.4/../../../../arm-none-eabi/lib/armv7e-m\libg_s.a(lib_a-memset.o)
                              c:/freescale/kds_v3/toolchain/bin/../lib/gcc/arm-none-eabi/4.8.4/../../../../arm-none-eabi/lib/armv7e-m/crt0.o (memset)
c:/freescale/kds_v3/toolchain/bin/../lib/gcc/arm-none-eabi/4.8.4/../../../../arm-none-eabi/lib/armv7e-m\libg_s.a(lib_a-strlen.o)
                              ./utilities/fsl_debug_console.o (strlen)
c:/freescale/kds_v3/toolchain/bin/../lib/gcc/arm-none-eabi/4.8.4/../../../../arm-none-eabi/lib/armv7e-m\libnosys.a(_exit.o)
                              c:/freescale/kds_v3/toolchain/bin/../lib/gcc/arm-none-eabi/4.8.4/../../../../arm-none-eabi/lib/armv7e-m\libg_s.a(lib_a-exit.o) (_exit)

Allocating common symbols
Common symbol       size              file

s_saiHandle         0x8               ./drivers/fsl_sai.o
g_xtal32Freq        0x4               ./drivers/fsl_clock.o
g_xtal0Freq         0x4               ./drivers/fsl_clock.o

Discarded input sections

 .text          0x00000000        0x0 c:/freescale/kds_v3/toolchain/bin/../lib/gcc/arm-none-eabi/4.8.4/armv7e-m/crti.o
 .data          0x00000000        0x0 c:/freescale/kds_v3/toolchain/bin/../lib/gcc/arm-none-eabi/4.8.4/armv7e-m/crti.o
 .bss           0x00000000        0x0 c:/freescale/kds_v3/toolchain/bin/../lib/gcc/arm-none-eabi/4.8.4/armv7e-m/crti.o
 .data          0x00000000        0x4 c:/freescale/kds_v3/toolchain/bin/../lib/gcc/arm-none-eabi/4.8.4/armv7e-m/crtbegin.o
 .data          0x00000000        0x0 c:/freescale/kds_v3/toolchain/bin/../lib/gcc/arm-none-eabi/4.8.4/../../../../arm-none-eabi/lib/armv7e-m/crt0.o
 .bss           0x00000000        0x0 c:/freescale/kds_v3/toolchain/bin/../lib/gcc/arm-none-eabi/4.8.4/../../../../arm-none-eabi/lib/armv7e-m/crt0.o
 .ARM.extab     0x00000000        0x0 c:/freescale/kds_v3/toolchain/bin/../lib/gcc/arm-none-eabi/4.8.4/../../../../arm-none-eabi/lib/armv7e-m/crt0.o
 .group         0x00000000        0x8 ./utilities/fsl_debug_console.o
 .group         0x00000000        0x8 ./utilities/fsl_debug_console.o
 .group         0x00000000        0x8 ./utilities/fsl_debug_console.o
 .group         0x00000000        0x8 ./utilities/fsl_debug_console.o
 .group         0x00000000        0x8 ./utilities/fsl_debug_console.o
 .group         0x00000000        0x8 ./utilities/fsl_debug_console.o
 .group         0x00000000        0x8 ./utilities/fsl_debug_console.o
 .group         0x00000000        0x8 ./utilities/fsl_debug_console.o
 .group         0x00000000        0x8 ./utilities/fsl_debug_console.o
 .group         0x00000000        0x8 ./utilities/fsl_debug_console.o
 .group         0x00000000        0x8 ./utilities/fsl_debug_console.o
 .group         0x00000000        0x8 ./utilities/fsl_debug_console.o
 .group         0x00000000        0x8 ./utilities/fsl_debug_console.o
 .group         0x00000000        0x8 ./utilities/fsl_debug_console.o
 .group         0x00000000        0x8 ./utilities/fsl_debug_console.o
 .group         0x00000000        0x8 ./utilities/fsl_debug_console.o
 .group         0x00000000        0x8 ./utilities/fsl_debug_console.o
 .group         0x00000000        0x8 ./utilities/fsl_debug_console.o
 .group         0x00000000        0x8 ./utilities/fsl_debug_console.o
 .group         0x00000000        0x8 ./utilities/fsl_debug_console.o
 .group         0x00000000        0x8 ./utilities/fsl_debug_console.o
[...]
Memory Configuration

Name             Origin             Length             Attributes
m_interrupts     0x00000000         0x00000400         xr
m_flash_config   0x00000400         0x00000010         xr
m_text           0x00000410         0x0003fbf0         xr
m_data           0x1fff8000         0x00008000         rw
m_data_2         0x20000000         0x00008000         rw
*default*        0x00000000         0xffffffff

Linker script and memory map

LOAD c:/freescale/kds_v3/toolchain/bin/../lib/gcc/arm-none-eabi/4.8.4/armv7e-m/crti.o
LOAD c:/freescale/kds_v3/toolchain/bin/../lib/gcc/arm-none-eabi/4.8.4/armv7e-m/crtbegin.o
LOAD c:/freescale/kds_v3/toolchain/bin/../lib/gcc/arm-none-eabi/4.8.4/../../../../arm-none-eabi/lib/armv7e-m/crt0.o
LOAD ./utilities/fsl_debug_console.o
LOAD ./utilities/fsl_notifier.o
LOAD ./utilities/fsl_sbrk.o
LOAD ./utilities/fsl_shell.o
LOAD ./startup/startup_MK20LH7.o
LOAD ./startup/system_MK20LH7.o
LOAD ./source/main.o
LOAD ./drivers/fsl_adc16.o
LOAD ./drivers/fsl_clock.o
LOAD ./drivers/fsl_cmp.o
LOAD ./drivers/fsl_cmt.o
LOAD ./drivers/fsl_common.o
LOAD ./drivers/fsl_crc.o
LOAD ./drivers/fsl_dac.o
LOAD ./drivers/fsl_dmamux.o
LOAD ./drivers/fsl_dspi.o
LOAD ./drivers/fsl_dspi_edma.o
LOAD ./drivers/fsl_edma.o
LOAD ./drivers/fsl_ewm.o
LOAD ./drivers/fsl_flash.o
LOAD ./drivers/fsl_flexbus.o
LOAD ./drivers/fsl_flexcan.o
LOAD ./drivers/fsl_ftm.o
LOAD ./drivers/fsl_gpio.o
LOAD ./drivers/fsl_i2c.o
LOAD ./drivers/fsl_i2c_edma.o
LOAD ./drivers/fsl_llwu.o
LOAD ./drivers/fsl_lptmr.o
LOAD ./drivers/fsl_mpu.o
LOAD ./drivers/fsl_pdb.o
LOAD ./drivers/fsl_pit.o
LOAD ./drivers/fsl_pmc.o
LOAD ./drivers/fsl_rcm.o
LOAD ./drivers/fsl_rtc.o
LOAD ./drivers/fsl_sai.o
LOAD ./drivers/fsl_sai_edma.o
LOAD ./drivers/fsl_sim.o
LOAD ./drivers/fsl_smc.o
LOAD ./drivers/fsl_tsi_v2.o
LOAD ./drivers/fsl_uart.o
LOAD ./drivers/fsl_uart_edma.o
LOAD ./drivers/fsl_vref.o
LOAD ./drivers/fsl_wdog.o
LOAD ./board/board.o
LOAD ./board/clock_config.o
LOAD ./board/pin_mux.o
LOAD c:/freescale/kds_v3/toolchain/bin/../lib/gcc/arm-none-eabi/4.8.4/../../../../arm-none-eabi/lib/armv7e-m\libstdc++_s.a
LOAD c:/freescale/kds_v3/toolchain/bin/../lib/gcc/arm-none-eabi/4.8.4/../../../../arm-none-eabi/lib/armv7e-m\libm.a
START GROUP
LOAD c:/freescale/kds_v3/toolchain/bin/../lib/gcc/arm-none-eabi/4.8.4/armv7e-m\libgcc.a
LOAD c:/freescale/kds_v3/toolchain/bin/../lib/gcc/arm-none-eabi/4.8.4/../../../../arm-none-eabi/lib/armv7e-m\libg_s.a
LOAD c:/freescale/kds_v3/toolchain/bin/../lib/gcc/arm-none-eabi/4.8.4/../../../../arm-none-eabi/lib/armv7e-m\libc_s.a
END GROUP
START GROUP
LOAD c:/freescale/kds_v3/toolchain/bin/../lib/gcc/arm-none-eabi/4.8.4/armv7e-m\libgcc.a
LOAD c:/freescale/kds_v3/toolchain/bin/../lib/gcc/arm-none-eabi/4.8.4/../../../../arm-none-eabi/lib/armv7e-m\libc_s.a
LOAD c:/freescale/kds_v3/toolchain/bin/../lib/gcc/arm-none-eabi/4.8.4/../../../../arm-none-eabi/lib/armv7e-m\libnosys.a
END GROUP
START GROUP
LOAD c:/freescale/kds_v3/toolchain/bin/../lib/gcc/arm-none-eabi/4.8.4/armv7e-m\libgcc.a
LOAD c:/freescale/kds_v3/toolchain/bin/../lib/gcc/arm-none-eabi/4.8.4/../../../../arm-none-eabi/lib/armv7e-m\libc_s.a
LOAD c:/freescale/kds_v3/toolchain/bin/../lib/gcc/arm-none-eabi/4.8.4/../../../../arm-none-eabi/lib/armv7e-m\libnosys.a
END GROUP
LOAD c:/freescale/kds_v3/toolchain/bin/../lib/gcc/arm-none-eabi/4.8.4/armv7e-m/crtend.o
LOAD c:/freescale/kds_v3/toolchain/bin/../lib/gcc/arm-none-eabi/4.8.4/armv7e-m/crtn.o
                0x00000400                HEAP_SIZE = DEFINED (__heap_size__)?__heap_size__:0x400
                0x00000400                STACK_SIZE = DEFINED (__stack_size__)?__stack_size__:0x400
                0x00000000                M_VECTOR_RAM_SIZE = DEFINED (__ram_vector_table__)?0x400:0x0

.interrupts     0x00000000      0x400
                0x00000000                __VECTOR_TABLE = .
                0x00000000                . = ALIGN (0x4)
 *(.isr_vector)
 .isr_vector    0x00000000      0x400 ./startup/startup_MK20LH7.o
                0x00000000                __isr_vector
                0x00000400                . = ALIGN (0x4)

.flash_config   0x00000400       0x10
                0x00000400                . = ALIGN (0x4)
 *(.FlashConfig)
 .FlashConfig   0x00000400       0x10 ./startup/startup_MK20LH7.o
                0x00000410                . = ALIGN (0x4)

.text           0x00000410     0x1708
                0x00000410                . = ALIGN (0x4)
 *(.text)
 .text          0x00000410       0x54 c:/freescale/kds_v3/toolchain/bin/../lib/gcc/arm-none-eabi/4.8.4/armv7e-m/crtbegin.o
 .text          0x00000464       0x74 c:/freescale/kds_v3/toolchain/bin/../lib/gcc/arm-none-eabi/4.8.4/../../../../arm-none-eabi/lib/armv7e-m/crt0.o
                0x00000464                _start
                0x00000464                _mainCRTStartup
 .text          0x000004d8      0x17c ./startup/startup_MK20LH7.o
                0x000004d8                Reset_Handler
                0x0000051c                Reserved111_IRQHandler
                0x0000051c                DebugMon_Handler
                0x0000051c                PORTC_IRQHandler
                0x0000051c                CMP0_IRQHandler
                0x0000051c                SPI1_DriverIRQHandler
                0x0000051c                DMA_Error_DriverIRQHandler
                0x0000051c                CAN1_DriverIRQHandler
                0x0000051c                Reserved114_IRQHandler
                0x0000051c                Reserved93_IRQHandler
                0x0000051c                UART1_ERR_DriverIRQHandler
                0x0000051c                BusFault_Handler
                0x0000051c                LPTMR0_IRQHandler
                0x0000051c                FTM2_IRQHandler
                0x0000051c                Reserved59_IRQHandler
                0x0000051c                PORTE_IRQHandler
                0x0000051c                SDHC_DriverIRQHandler
                0x0000051c                PIT0_IRQHandler
                0x0000051c                Reserved119_IRQHandler
                0x0000051c                CMP2_IRQHandler
                0x0000051c                LLWU_IRQHandler
                0x0000051c                Reserved116_IRQHandler
                0x0000051c                TSI0_IRQHandler
                0x0000051c                Reserved92_IRQHandler
                0x0000051c                FTFL_IRQHandler
                0x0000051c                SWI_IRQHandler
                0x0000051c                ADC0_IRQHandler
                0x0000051c                Reserved39_IRQHandler
                0x0000051c                UsageFault_Handler
                0x0000051c                MCM_IRQHandler
                0x0000051c                CMT_IRQHandler
                0x0000051c                DAC1_IRQHandler
                0x0000051c                DefaultISR
                0x0000051c                PORTA_IRQHandler
                0x0000051c                UART5_ERR_DriverIRQHandler
                0x0000051c                FTM0_IRQHandler
                0x0000051c                CMP1_IRQHandler
                0x0000051c                PORTD_IRQHandler
                0x0000051c                PORTB_IRQHandler
                0x0000051c                UART2_ERR_DriverIRQHandler
                0x0000051c                SPI2_DriverIRQHandler
                0x0000051c                ADC1_IRQHandler
                0x0000051c                PIT2_IRQHandler
                0x0000051c                LVD_LVW_IRQHandler
                0x0000051c                PIT1_IRQHandler
                0x0000051c                RTC_IRQHandler
                0x0000051c                UART3_ERR_DriverIRQHandler
                0x0000051c                PDB0_IRQHandler
                0x0000051c                UART0_ERR_DriverIRQHandler
                0x0000051c                FTM1_IRQHandler
                0x0000051c                Reserved95_IRQHandler
                0x0000051c                PIT3_IRQHandler
                0x0000051c                RTC_Seconds_IRQHandler
                0x0000051c                MCG_IRQHandler
                0x0000051c                Reserved108_IRQHandler
                0x0000051c                Reserved113_IRQHandler
                0x0000051c                Reserved117_IRQHandler
                0x0000051c                Reserved112_IRQHandler
                0x0000051c                Reserved94_IRQHandler
                0x0000051c                Read_Collision_IRQHandler
                0x0000051c                Reserved118_IRQHandler
                0x0000051c                Reserved102_IRQHandler
                0x0000051c                USBDCD_IRQHandler
                0x0000051c                USB0_IRQHandler
                0x0000051c                UART4_ERR_DriverIRQHandler
                0x0000051c                WDOG_EWM_IRQHandler
                0x0000051c                MemManage_Handler
                0x0000051c                Reserved115_IRQHandler
                0x0000051c                UART0_LON_DriverIRQHandler
                0x0000051c                DAC0_IRQHandler
                0x0000051c                Reserved109_IRQHandler
                0x0000051c                Reserved91_IRQHandler
                0x00000520                NMI_Handler
                0x00000524                HardFault_Handler
                0x00000528                SVC_Handler
                0x0000052c                PendSV_Handler
                0x00000530                SysTick_Handler
                0x00000534                DMA0_IRQHandler
                0x00000538                DMA1_IRQHandler
                0x0000053c                DMA2_IRQHandler
                0x00000540                DMA3_IRQHandler
                0x00000544                DMA4_IRQHandler
                0x00000548                DMA5_IRQHandler
                0x0000054c                DMA6_IRQHandler
                0x00000550                DMA7_IRQHandler
                0x00000554                DMA8_IRQHandler
                0x00000558                DMA9_IRQHandler
                0x0000055c                DMA10_IRQHandler
                0x00000560                DMA11_IRQHandler
                0x00000564                DMA12_IRQHandler
                0x00000568                DMA13_IRQHandler
                0x0000056c                DMA14_IRQHandler
                0x00000570                DMA15_IRQHandler
                0x00000574                DMA_Error_IRQHandler
                0x00000578                I2C0_IRQHandler
                0x0000057c                I2C1_IRQHandler
                0x00000580                SPI0_IRQHandler
                0x00000584                SPI1_IRQHandler
                0x0000058c                CAN0_Bus_Off_IRQHandler
                0x00000590                CAN0_Error_IRQHandler
                0x00000594                CAN0_Tx_Warning_IRQHandler
                0x00000598                CAN0_Rx_Warning_IRQHandler
                0x0000059c                CAN0_Wake_Up_IRQHandler
                0x000005a0                I2S0_Tx_IRQHandler
                0x000005a4                I2S0_Rx_IRQHandler
                0x000005ac                UART0_RX_TX_IRQHandler
                0x000005b0                UART0_ERR_IRQHandler
                0x000005b4                UART1_RX_TX_IRQHandler
                0x000005b8                UART1_ERR_IRQHandler
                0x000005bc                UART2_RX_TX_IRQHandler
                0x000005c0                UART2_ERR_IRQHandler
 *(.text*)
 .text.DbgConsole_Printf
                0x00000654       0x40 ./utilities/fsl_debug_console.o
                0x00000654                DbgConsole_Printf
 .text.DbgConsole_Putchar
                0x00000694       0x38 ./utilities/fsl_debug_console.o
                0x00000694                DbgConsole_Putchar
 .text.DbgConsole_PrintfPaddingCharacter
                0x000006cc       0x40 ./utilities/fsl_debug_console.o
 .text.DbgConsole_ConvertRadixNumToString
                0x0000070c      0x118 ./utilities/fsl_debug_console.o
 .text.DbgConsole_PrintfFormattedData
                0x00000824      0x354 ./utilities/fsl_debug_console.o
 .text.SystemInit
                0x00000b78       0x28 ./startup/system_MK20LH7.o
                0x00000b78                SystemInit
 .text.GPIO_TogglePinsOutput
                0x00000ba0       0x1c ./source/main.o
 .text.delay    0x00000bbc       0x30 ./source/main.o
                0x00000bbc                delay
 .text.main     0x00000bec       0x4c ./source/main.o
                0x00000bec                main
 .text.__assert_func
                0x00000c38       0x28 ./drivers/fsl_common.o
                0x00000c38                __assert_func
 .text.DSPI_IsMaster
                0x00000c60       0x1c ./drivers/fsl_dspi.o
 .text.DSPI_CommonIRQHandler
                0x00000c7c       0x3c ./drivers/fsl_dspi.o
 .text.SPI0_DriverIRQHandler
                0x00000cb8       0x3c ./drivers/fsl_dspi.o
                0x00000cb8                SPI0_DriverIRQHandler
 .text.EDMA_HandleIRQ
                0x00000cf4      0x15c ./drivers/fsl_edma.o
                0x00000cf4                EDMA_HandleIRQ
 .text.DMA0_DriverIRQHandler
                0x00000e50       0x14 ./drivers/fsl_edma.o
                0x00000e50                DMA0_DriverIRQHandler
 .text.DMA1_DriverIRQHandler
                0x00000e64       0x14 ./drivers/fsl_edma.o
                0x00000e64                DMA1_DriverIRQHandler
 .text.DMA2_DriverIRQHandler
                0x00000e78       0x14 ./drivers/fsl_edma.o
                0x00000e78                DMA2_DriverIRQHandler
 .text.DMA3_DriverIRQHandler
                0x00000e8c       0x14 ./drivers/fsl_edma.o
                0x00000e8c                DMA3_DriverIRQHandler
 .text.DMA4_DriverIRQHandler
                0x00000ea0       0x14 ./drivers/fsl_edma.o
                0x00000ea0                DMA4_DriverIRQHandler
 .text.DMA5_DriverIRQHandler
                0x00000eb4       0x14 ./drivers/fsl_edma.o
                0x00000eb4                DMA5_DriverIRQHandler
 .text.DMA6_DriverIRQHandler
                0x00000ec8       0x14 ./drivers/fsl_edma.o
                0x00000ec8                DMA6_DriverIRQHandler
 .text.DMA7_DriverIRQHandler
                0x00000edc       0x14 ./drivers/fsl_edma.o
                0x00000edc                DMA7_DriverIRQHandler
 .text.DMA8_DriverIRQHandler
                0x00000ef0       0x14 ./drivers/fsl_edma.o
                0x00000ef0                DMA8_DriverIRQHandler
 .text.DMA9_DriverIRQHandler
                0x00000f04       0x14 ./drivers/fsl_edma.o
                0x00000f04                DMA9_DriverIRQHandler
 .text.DMA10_DriverIRQHandler
                0x00000f18       0x14 ./drivers/fsl_edma.o
                0x00000f18                DMA10_DriverIRQHandler
 .text.DMA11_DriverIRQHandler
                0x00000f2c       0x14 ./drivers/fsl_edma.o
                0x00000f2c                DMA11_DriverIRQHandler
 .text.DMA12_DriverIRQHandler
                0x00000f40       0x14 ./drivers/fsl_edma.o
                0x00000f40                DMA12_DriverIRQHandler
 .text.DMA13_DriverIRQHandler
                0x00000f54       0x14 ./drivers/fsl_edma.o
                0x00000f54                DMA13_DriverIRQHandler
 .text.DMA14_DriverIRQHandler
                0x00000f68       0x14 ./drivers/fsl_edma.o
                0x00000f68                DMA14_DriverIRQHandler
 .text.DMA15_DriverIRQHandler
                0x00000f7c       0x14 ./drivers/fsl_edma.o
                0x00000f7c                DMA15_DriverIRQHandler
 .text.CAN0_DriverIRQHandler
                0x00000f90       0x44 ./drivers/fsl_flexcan.o
                0x00000f90                CAN0_DriverIRQHandler
 .text.GPIO_WritePinOutput
                0x00000fd4       0x3c ./drivers/fsl_gpio.o
 .text.GPIO_PinInit
                0x00001010       0x70 ./drivers/fsl_gpio.o
                0x00001010                GPIO_PinInit
 .text.I2C_TransferCommonIRQHandler
                0x00001080       0x4c ./drivers/fsl_i2c.o
 .text.I2C0_DriverIRQHandler
                0x000010cc       0x1c ./drivers/fsl_i2c.o
                0x000010cc                I2C0_DriverIRQHandler
 .text.I2C1_DriverIRQHandler
                0x000010e8       0x1c ./drivers/fsl_i2c.o
                0x000010e8                I2C1_DriverIRQHandler
 .text.I2S0_Tx_DriverIRQHandler
                0x00001104       0x44 ./drivers/fsl_sai.o
                0x00001104                I2S0_Tx_DriverIRQHandler
 .text.I2S0_Rx_DriverIRQHandler
                0x00001148       0x44 ./drivers/fsl_sai.o
                0x00001148                I2S0_Rx_DriverIRQHandler
 .text.UART0_DriverIRQHandler
                0x0000118c       0x20 ./drivers/fsl_uart.o
                0x0000118c                UART0_DriverIRQHandler
 .text.UART0_RX_TX_DriverIRQHandler
                0x000011ac        0xc ./drivers/fsl_uart.o
                0x000011ac                UART0_RX_TX_DriverIRQHandler
 .text.UART1_DriverIRQHandler
                0x000011b8       0x20 ./drivers/fsl_uart.o
                0x000011b8                UART1_DriverIRQHandler
 .text.UART1_RX_TX_DriverIRQHandler
                0x000011d8        0xc ./drivers/fsl_uart.o
                0x000011d8                UART1_RX_TX_DriverIRQHandler
 .text.UART2_DriverIRQHandler
                0x000011e4       0x20 ./drivers/fsl_uart.o
                0x000011e4                UART2_DriverIRQHandler
 .text.UART2_RX_TX_DriverIRQHandler
                0x00001204        0xc ./drivers/fsl_uart.o
                0x00001204                UART2_RX_TX_DriverIRQHandler
 .text.BOARD_InitDebugConsole
                0x00001210        0xc ./board/board.o
                0x00001210                BOARD_InitDebugConsole
 .text.BOARD_BootClockRUN
                0x0000121c        0xc ./board/clock_config.o
                0x0000121c                BOARD_BootClockRUN
 .text.CLOCK_EnableClock
                0x00001228       0x34 ./board/pin_mux.o
 .text.PORT_SetPinMux
                0x0000125c       0x38 ./board/pin_mux.o
 .text.BOARD_InitPins
                0x00001294       0x40 ./board/pin_mux.o
                0x00001294                BOARD_InitPins
 .text.exit     0x000012d4       0x28 c:/freescale/kds_v3/toolchain/bin/../lib/gcc/arm-none-eabi/4.8.4/../../../../arm-none-eabi/lib/armv7e-m\libg_s.a(lib_a-exit.o)
                0x000012d4                exit
 .text.__libc_init_array
                0x000012fc       0x4c c:/freescale/kds_v3/toolchain/bin/../lib/gcc/arm-none-eabi/4.8.4/../../../../arm-none-eabi/lib/armv7e-m\libg_s.a(lib_a-init.o)
                0x000012fc                __libc_init_array
 .text.memset   0x00001348       0x10 c:/freescale/kds_v3/toolchain/bin/../lib/gcc/arm-none-eabi/4.8.4/../../../../arm-none-eabi/lib/armv7e-m\libg_s.a(lib_a-memset.o)
                0x00001348                memset
 .text.strlen   0x00001358       0x10 c:/freescale/kds_v3/toolchain/bin/../lib/gcc/arm-none-eabi/4.8.4/../../../../arm-none-eabi/lib/armv7e-m\libg_s.a(lib_a-strlen.o)
                0x00001358                strlen
 .text._exit    0x00001368        0x4 c:/freescale/kds_v3/toolchain/bin/../lib/gcc/arm-none-eabi/4.8.4/../../../../arm-none-eabi/lib/armv7e-m\libnosys.a(_exit.o)
                0x00001368                _exit
 *(.rodata)
 .rodata        0x0000136c       0x44 ./source/main.o
 .rodata        0x000013b0       0x40 ./drivers/fsl_common.o
 .rodata        0x000013f0       0x80 ./drivers/fsl_dspi.o
 .rodata        0x00001470      0x248 ./drivers/fsl_edma.o
 .rodata        0x000016b8      0x300 ./drivers/fsl_flexcan.o
 .rodata        0x000019b8       0x48 ./drivers/fsl_gpio.o
 .rodata        0x00001a00       0x70 ./drivers/fsl_sai.o
 *(.rodata*)
 .rodata.__func__.7255
                0x00001a70       0x18 ./drivers/fsl_dspi.o
 .rodata.__func__.7082
                0x00001a88       0x10 ./drivers/fsl_edma.o
 .rodata.__func__.7152
                0x00001a98       0x18 ./drivers/fsl_flexcan.o
 .rodata.__func__.6627
                0x00001ab0       0x10 ./drivers/fsl_gpio.o
 .rodata.__func__.7130
                0x00001ac0       0x1c ./drivers/fsl_sai.o
 .rodata.__func__.7134
                0x00001adc       0x1c ./drivers/fsl_sai.o
 .rodata.str1.1
                0x00001af8        0x2 c:/freescale/kds_v3/toolchain/bin/../lib/gcc/arm-none-eabi/4.8.4/../../../../arm-none-eabi/lib/armv7e-m\libg_s.a(lib_a-impure.o)
 *fill*         0x00001afa        0x2 
 .rodata._global_impure_ptr
                0x00001afc        0x4 c:/freescale/kds_v3/toolchain/bin/../lib/gcc/arm-none-eabi/4.8.4/../../../../arm-none-eabi/lib/armv7e-m\libg_s.a(lib_a-impure.o)
                0x00001afc                _global_impure_ptr
 *(.glue_7)
 .glue_7        0x00000000        0x0 linker stubs
 *(.glue_7t)
 .glue_7t       0x00000000        0x0 linker stubs
 *(.eh_frame)
 .eh_frame      0x00001b00        0x0 c:/freescale/kds_v3/toolchain/bin/../lib/gcc/arm-none-eabi/4.8.4/armv7e-m/crtbegin.o
 *(.init)
 .init          0x00001b00        0x4 c:/freescale/kds_v3/toolchain/bin/../lib/gcc/arm-none-eabi/4.8.4/armv7e-m/crti.o
                0x00001b00                _init
 .init          0x00001b04        0x8 c:/freescale/kds_v3/toolchain/bin/../lib/gcc/arm-none-eabi/4.8.4/armv7e-m/crtn.o
 *(.fini)
 .fini          0x00001b0c        0x4 c:/freescale/kds_v3/toolchain/bin/../lib/gcc/arm-none-eabi/4.8.4/armv7e-m/crti.o
                0x00001b0c                _fini
 .fini          0x00001b10        0x8 c:/freescale/kds_v3/toolchain/bin/../lib/gcc/arm-none-eabi/4.8.4/armv7e-m/crtn.o
                0x00001b18                . = ALIGN (0x4)

.vfp11_veneer   0x00001b18        0x0
 .vfp11_veneer  0x00000000        0x0 linker stubs

.v4_bx          0x00001b18        0x0
 .v4_bx         0x00000000        0x0 linker stubs

.iplt           0x00001b18        0x0
 .iplt          0x00000000        0x0 c:/freescale/kds_v3/toolchain/bin/../lib/gcc/arm-none-eabi/4.8.4/armv7e-m/crtbegin.o

.ARM.extab
 *(.ARM.extab* .gnu.linkonce.armextab.*)

.ARM            0x00001b18        0x8
                0x00001b18                __exidx_start = .
 *(.ARM.exidx*)
 .ARM.exidx     0x00001b18        0x8 c:/freescale/kds_v3/toolchain/bin/../lib/gcc/arm-none-eabi/4.8.4/../../../../arm-none-eabi/lib/armv7e-m/crt0.o
                0x00001b20                __exidx_end = .

.rel.dyn        0x00001b20        0x0
 .rel.iplt      0x00000000        0x0 c:/freescale/kds_v3/toolchain/bin/../lib/gcc/arm-none-eabi/4.8.4/armv7e-m/crtbegin.o

.ctors          0x00001b20        0x0
                0x00001b20                __CTOR_LIST__ = .
 *crtbegin.o(.ctors)
 *crtbegin?.o(.ctors)
 *(EXCLUDE_FILE(*crtend.o *crtend?.o) .ctors)
 *(SORT(.ctors.*))
 *(.ctors)
                0x00001b20                __CTOR_END__ = .

.dtors          0x00001b20        0x0
                0x00001b20                __DTOR_LIST__ = .
 *crtbegin.o(.dtors)
 *crtbegin?.o(.dtors)
 *(EXCLUDE_FILE(*crtend.o *crtend?.o) .dtors)
 *(SORT(.dtors.*))
 *(.dtors)
                0x00001b20                __DTOR_END__ = .

.preinit_array  0x00001b20        0x0
                0x00001b20                PROVIDE (__preinit_array_start, .)
 *(.preinit_array*)
                0x00001b20                PROVIDE (__preinit_array_end, .)

.init_array     0x00001b20        0x4
                0x00001b20                PROVIDE (__init_array_start, .)
 *(SORT(.init_array.*))
 *(.init_array*)
 .init_array    0x00001b20        0x4 c:/freescale/kds_v3/toolchain/bin/../lib/gcc/arm-none-eabi/4.8.4/armv7e-m/crtbegin.o
                0x00001b24                PROVIDE (__init_array_end, .)

.fini_array     0x00001b24        0x4
                0x00001b24                PROVIDE (__fini_array_start, .)
 *(SORT(.fini_array.*))
 *(.fini_array*)
 .fini_array    0x00001b24        0x4 c:/freescale/kds_v3/toolchain/bin/../lib/gcc/arm-none-eabi/4.8.4/armv7e-m/crtbegin.o
                0x00001b28                PROVIDE (__fini_array_end, .)
                0x00001b28                __etext = .
                0x00001b28                __DATA_ROM = .

.interrupts_ram
                0x1fff8000        0x0
                0x1fff8000                . = ALIGN (0x4)
                0x1fff8000                __VECTOR_RAM__ = .
                0x1fff8000                __interrupts_ram_start__ = .
 *(.m_interrupts_ram)
                0x1fff8000                . = (. + M_VECTOR_RAM_SIZE)
                0x1fff8000                . = ALIGN (0x4)
                0x1fff8000                __interrupts_ram_end__ = .
                0x00000000                __VECTOR_RAM = DEFINED (__ram_vector_table__)?__VECTOR_RAM__:ORIGIN (m_interrupts)
                0x00000000                __RAM_VECTOR_TABLE_SIZE_BYTES = DEFINED (__ram_vector_table__)?(__interrupts_ram_end__ - __interrupts_ram_start__):0x0

.data           0x1fff8000       0x64 load address 0x00001b28
                0x1fff8000                . = ALIGN (0x4)
                0x1fff8000                __DATA_RAM = .
                0x1fff8000                __data_start__ = .
 *(.data)
 *(.data*)
 .data.impure_data
                0x1fff8000       0x60 c:/freescale/kds_v3/toolchain/bin/../lib/gcc/arm-none-eabi/4.8.4/../../../../arm-none-eabi/lib/armv7e-m\libg_s.a(lib_a-impure.o)
 *(.jcr*)
 .jcr           0x1fff8060        0x0 c:/freescale/kds_v3/toolchain/bin/../lib/gcc/arm-none-eabi/4.8.4/armv7e-m/crtbegin.o
 .jcr           0x1fff8060        0x4 c:/freescale/kds_v3/toolchain/bin/../lib/gcc/arm-none-eabi/4.8.4/armv7e-m/crtend.o
                0x1fff8064                . = ALIGN (0x4)
                0x1fff8064                __data_end__ = .
                0x00001b8c                __DATA_END = (__DATA_ROM + (__data_end__ - __data_start__))
                0x00040000                text_end = (ORIGIN (m_text) + 0x3fbf0)
                0x00000001                ASSERT ((__DATA_END <= text_end), region m_text overflowed with text and data)
                0x00000800                USB_RAM_GAP = DEFINED (__usb_ram_size__)?__usb_ram_size__:0x800

.igot.plt       0x1fff8064        0x0 load address 0x00001b8c
 .igot.plt      0x00000000        0x0 c:/freescale/kds_v3/toolchain/bin/../lib/gcc/arm-none-eabi/4.8.4/armv7e-m/crtbegin.o

.bss            0x1fff8064      0x9a4 load address 0x00001b8c
                0x1fff8064                . = ALIGN (0x4)
                0x1fff8064                __START_BSS = .
                0x1fff8064                __bss_start__ = .
 *(.bss)
 .bss           0x1fff8064       0x1c c:/freescale/kds_v3/toolchain/bin/../lib/gcc/arm-none-eabi/4.8.4/armv7e-m/crtbegin.o
 *(.bss*)
 .bss.s_debugConsole
                0x1fff8080       0x10 ./utilities/fsl_debug_console.o
 .bss.g_dspiHandle
                0x1fff8090        0x4 ./drivers/fsl_dspi.o
 .bss.s_dspiMasterIsr
                0x1fff8094        0x4 ./drivers/fsl_dspi.o
 .bss.s_dspiSlaveIsr
                0x1fff8098        0x4 ./drivers/fsl_dspi.o
 .bss.s_EDMAHandle
                0x1fff809c       0x40 ./drivers/fsl_edma.o
 .bss.s_flexcanHandle
                0x1fff80dc        0x4 ./drivers/fsl_flexcan.o
 .bss.s_flexcanIsr
                0x1fff80e0        0x4 ./drivers/fsl_flexcan.o
 .bss.s_i2cHandle
                0x1fff80e4        0x8 ./drivers/fsl_i2c.o
 .bss.s_i2cMasterIsr
                0x1fff80ec        0x4 ./drivers/fsl_i2c.o
 .bss.s_i2cSlaveIsr
                0x1fff80f0        0x4 ./drivers/fsl_i2c.o
 .bss.s_saiTxIsr
                0x1fff80f4        0x4 ./drivers/fsl_sai.o
 .bss.s_saiRxIsr
                0x1fff80f8        0x4 ./drivers/fsl_sai.o
 .bss.s_uartHandle
                0x1fff80fc       0x18 ./drivers/fsl_uart.o
 .bss.s_uartIsr
                0x1fff8114        0x4 ./drivers/fsl_uart.o
                0x1fff8200                . = ALIGN (0x200)
 *fill*         0x1fff8118       0xe8 
                0x1fff8200                USB_RAM_START = .
                0x1fff8a00                . = (. + USB_RAM_GAP)
 *fill*         0x1fff8200      0x800 
 *(COMMON)
 COMMON         0x1fff8a00        0x8 ./drivers/fsl_sai.o
                0x1fff8a00                s_saiHandle
                0x1fff8a08                . = ALIGN (0x4)
                0x1fff8a08                __bss_end__ = .
                0x1fff8a08                __END_BSS = .

.heap           0x20000000      0x400
                0x20000000                . = ALIGN (0x8)
                0x20000000                __end__ = .
                0x20000000                PROVIDE (end, .)
                0x20000000                __HeapBase = .
                0x20000400                . = (. + HEAP_SIZE)
 *fill*         0x20000000      0x400 
                0x20000400                __HeapLimit = .
                0x20000400                __heap_limit = .

.stack          0x20000400      0x400
                0x20000400                . = ALIGN (0x8)
                0x20000800                . = (. + STACK_SIZE)
 *fill*         0x20000400      0x400 

m_usb_bdt       0x1fff8200        0x0
 *(m_usb_bdt)
                0x1fff8200                USB_RAM_BDT_END = .

m_usb_global
 *(m_usb_global)
                0x20008000                __StackTop = (ORIGIN (m_data_2) + 0x8000)
                0x20007c00                __StackLimit = (__StackTop - STACK_SIZE)
                0x20008000                PROVIDE (__stack, __StackTop)

.ARM.attributes
                0x00000000       0x2a
 *(.ARM.attributes)
 .ARM.attributes
                0x00000000       0x1e c:/freescale/kds_v3/toolchain/bin/../lib/gcc/arm-none-eabi/4.8.4/armv7e-m/crti.o
 .ARM.attributes
                0x0000001e       0x2e c:/freescale/kds_v3/toolchain/bin/../lib/gcc/arm-none-eabi/4.8.4/armv7e-m/crtbegin.o
 .ARM.attributes
                0x0000004c       0x1c c:/freescale/kds_v3/toolchain/bin/../lib/gcc/arm-none-eabi/4.8.4/../../../../arm-none-eabi/lib/armv7e-m/crt0.o
 .ARM.attributes
                0x00000068       0x33 ./utilities/fsl_debug_console.o
 .ARM.attributes
                0x0000009b       0x1b ./startup/startup_MK20LH7.o
 .ARM.attributes
                0x000000b6       0x33 ./startup/system_MK20LH7.o
 .ARM.attributes
                0x000000e9       0x33 ./source/main.o
 .ARM.attributes
                0x0000011c       0x33 ./drivers/fsl_common.o
 .ARM.attributes
                0x0000014f       0x33 ./drivers/fsl_dspi.o
 .ARM.attributes
                0x00000182       0x33 ./drivers/fsl_edma.o
 .ARM.attributes
                0x000001b5       0x33 ./drivers/fsl_flexcan.o
 .ARM.attributes
                0x000001e8       0x33 ./drivers/fsl_gpio.o
 .ARM.attributes
                0x0000021b       0x33 ./drivers/fsl_i2c.o
 .ARM.attributes
                0x0000024e       0x33 ./drivers/fsl_sai.o
 .ARM.attributes
                0x00000281       0x33 ./drivers/fsl_uart.o
 .ARM.attributes
                0x000002b4       0x33 ./board/board.o
 .ARM.attributes
                0x000002e7       0x33 ./board/clock_config.o
 .ARM.attributes
                0x0000031a       0x33 ./board/pin_mux.o
 .ARM.attributes
                0x0000034d       0x2e c:/freescale/kds_v3/toolchain/bin/../lib/gcc/arm-none-eabi/4.8.4/../../../../arm-none-eabi/lib/armv7e-m\libg_s.a(lib_a-exit.o)
 .ARM.attributes
                0x0000037b       0x2e c:/freescale/kds_v3/toolchain/bin/../lib/gcc/arm-none-eabi/4.8.4/../../../../arm-none-eabi/lib/armv7e-m\libg_s.a(lib_a-impure.o)
 .ARM.attributes
                0x000003a9       0x2e c:/freescale/kds_v3/toolchain/bin/../lib/gcc/arm-none-eabi/4.8.4/../../../../arm-none-eabi/lib/armv7e-m\libg_s.a(lib_a-init.o)
 .ARM.attributes
                0x000003d7       0x2e c:/freescale/kds_v3/toolchain/bin/../lib/gcc/arm-none-eabi/4.8.4/../../../../arm-none-eabi/lib/armv7e-m\libg_s.a(lib_a-memset.o)
 .ARM.attributes
                0x00000405       0x2e c:/freescale/kds_v3/toolchain/bin/../lib/gcc/arm-none-eabi/4.8.4/../../../../arm-none-eabi/lib/armv7e-m\libg_s.a(lib_a-strlen.o)
 .ARM.attributes
                0x00000433       0x2e c:/freescale/kds_v3/toolchain/bin/../lib/gcc/arm-none-eabi/4.8.4/../../../../arm-none-eabi/lib/armv7e-m\libnosys.a(_exit.o)
 .ARM.attributes
                0x00000461       0x2e c:/freescale/kds_v3/toolchain/bin/../lib/gcc/arm-none-eabi/4.8.4/armv7e-m/crtend.o
 .ARM.attributes
                0x0000048f       0x1e c:/freescale/kds_v3/toolchain/bin/../lib/gcc/arm-none-eabi/4.8.4/armv7e-m/crtn.o
                0x00000001                ASSERT ((__StackLimit >= __HeapLimit), region m_data_2 overflowed with stack and heap)
OUTPUT(TeensyTest.elf elf32-littlearm)

.debug_info     0x00000000     0xdd0d
 .debug_info    0x00000000      0xdc8 ./utilities/fsl_debug_console.o
 .debug_info    0x00000dc8       0x73 ./startup/startup_MK20LH7.o
 .debug_info    0x00000e3b      0x49a ./startup/system_MK20LH7.o
 .debug_info    0x000012d5      0x22b ./source/main.o
 .debug_info    0x00001500      0x689 ./drivers/fsl_common.o
 .debug_info    0x00001b89     0x2176 ./drivers/fsl_dspi.o
 .debug_info    0x00003cff     0x204f ./drivers/fsl_edma.o
 .debug_info    0x00005d4e     0x200c ./drivers/fsl_flexcan.o
 .debug_info    0x00007d5a      0x556 ./drivers/fsl_gpio.o
 .debug_info    0x000082b0     0x1cb2 ./drivers/fsl_i2c.o
 .debug_info    0x00009f62     0x1c76 ./drivers/fsl_sai.o
 .debug_info    0x0000bbd8     0x1bff ./drivers/fsl_uart.o
 .debug_info    0x0000d7d7       0x81 ./board/board.o
 .debug_info    0x0000d858       0x3b ./board/clock_config.o
 .debug_info    0x0000d893      0x47a ./board/pin_mux.o

.debug_abbrev   0x00000000     0x1c57
 .debug_abbrev  0x00000000      0x28c ./utilities/fsl_debug_console.o
 .debug_abbrev  0x0000028c       0x14 ./startup/startup_MK20LH7.o
 .debug_abbrev  0x000002a0      0x11a ./startup/system_MK20LH7.o
 .debug_abbrev  0x000003ba      0x14d ./source/main.o
 .debug_abbrev  0x00000507      0x168 ./drivers/fsl_common.o
 .debug_abbrev  0x0000066f      0x2f1 ./drivers/fsl_dspi.o
 .debug_abbrev  0x00000960      0x3a4 ./drivers/fsl_edma.o
 .debug_abbrev  0x00000d04      0x2dd ./drivers/fsl_flexcan.o
 .debug_abbrev  0x00000fe1      0x195 ./drivers/fsl_gpio.o
 .debug_abbrev  0x00001176      0x302 ./drivers/fsl_i2c.o
 .debug_abbrev  0x00001478      0x28f ./drivers/fsl_sai.o
 .debug_abbrev  0x00001707      0x3a2 ./drivers/fsl_uart.o
 .debug_abbrev  0x00001aa9       0x45 ./board/board.o
 .debug_abbrev  0x00001aee       0x2f ./board/clock_config.o
 .debug_abbrev  0x00001b1d      0x13a ./board/pin_mux.o

.debug_aranges  0x00000000      0xb10
 .debug_aranges
                0x00000000       0x90 ./utilities/fsl_debug_console.o
 .debug_aranges
                0x00000090       0x20 ./startup/startup_MK20LH7.o
 .debug_aranges
                0x000000b0       0x28 ./startup/system_MK20LH7.o
 .debug_aranges
                0x000000d8       0x30 ./source/main.o
 .debug_aranges
                0x00000108       0x28 ./drivers/fsl_common.o
 .debug_aranges
                0x00000130      0x198 ./drivers/fsl_dspi.o
 .debug_aranges
                0x000002c8      0x1c8 ./drivers/fsl_edma.o
 .debug_aranges
                0x00000490      0x180 ./drivers/fsl_flexcan.o
 .debug_aranges
                0x00000610       0x40 ./drivers/fsl_gpio.o
 .debug_aranges
                0x00000650      0x170 ./drivers/fsl_i2c.o
 .debug_aranges
                0x000007c0      0x160 ./drivers/fsl_sai.o
 .debug_aranges
                0x00000920      0x180 ./drivers/fsl_uart.o
 .debug_aranges
                0x00000aa0       0x20 ./board/board.o
 .debug_aranges
                0x00000ac0       0x20 ./board/clock_config.o
 .debug_aranges
                0x00000ae0       0x30 ./board/pin_mux.o

.debug_ranges   0x00000000      0xa10
 .debug_ranges  0x00000000       0x80 ./utilities/fsl_debug_console.o
 .debug_ranges  0x00000080       0x18 ./startup/system_MK20LH7.o
 .debug_ranges  0x00000098       0x20 ./source/main.o
 .debug_ranges  0x000000b8       0x18 ./drivers/fsl_common.o
 .debug_ranges  0x000000d0      0x188 ./drivers/fsl_dspi.o
 .debug_ranges  0x00000258      0x1b8 ./drivers/fsl_edma.o
 .debug_ranges  0x00000410      0x170 ./drivers/fsl_flexcan.o
 .debug_ranges  0x00000580       0x30 ./drivers/fsl_gpio.o
 .debug_ranges  0x000005b0      0x160 ./drivers/fsl_i2c.o
 .debug_ranges  0x00000710      0x150 ./drivers/fsl_sai.o
 .debug_ranges  0x00000860      0x170 ./drivers/fsl_uart.o
 .debug_ranges  0x000009d0       0x10 ./board/board.o
 .debug_ranges  0x000009e0       0x10 ./board/clock_config.o
 .debug_ranges  0x000009f0       0x20 ./board/pin_mux.o

.debug_macro    0x00000000    0x107c4
 .debug_macro   0x00000000      0x1fd ./utilities/fsl_debug_console.o
 .debug_macro   0x000001fd      0x856 ./utilities/fsl_debug_console.o
 .debug_macro   0x00000a53       0x58 ./utilities/fsl_debug_console.o
 .debug_macro   0x00000aab       0x58 ./utilities/fsl_debug_console.o
 .debug_macro   0x00000b03       0x16 ./utilities/fsl_debug_console.o
 .debug_macro   0x00000b19       0x35 ./utilities/fsl_debug_console.o
 .debug_macro   0x00000b4e       0xa3 ./utilities/fsl_debug_console.o
 .debug_macro   0x00000bf1       0x16 ./utilities/fsl_debug_console.o
 .debug_macro   0x00000c07      0x10e ./utilities/fsl_debug_console.o
 .debug_macro   0x00000d15       0x7f ./utilities/fsl_debug_console.o
 .debug_macro   0x00000d94       0x4a ./utilities/fsl_debug_console.o
 .debug_macro   0x00000dde       0x52 ./utilities/fsl_debug_console.o
 .debug_macro   0x00000e30       0x16 ./utilities/fsl_debug_console.o
 .debug_macro   0x00000e46       0x43 ./utilities/fsl_debug_console.o
 .debug_macro   0x00000e89      0x180 ./utilities/fsl_debug_console.o
 .debug_macro   0x00001009       0x16 ./utilities/fsl_debug_console.o
 .debug_macro   0x0000101f       0x29 ./utilities/fsl_debug_console.o
 .debug_macro   0x00001048      0x1e1 ./utilities/fsl_debug_console.o
 .debug_macro   0x00001229       0x16 ./utilities/fsl_debug_console.o
 .debug_macro   0x0000123f       0x22 ./utilities/fsl_debug_console.o
 .debug_macro   0x00001261      0x20f ./utilities/fsl_debug_console.o
 .debug_macro   0x00001470      0x2a6 ./utilities/fsl_debug_console.o
 .debug_macro   0x00001716       0x10 ./utilities/fsl_debug_console.o
 .debug_macro   0x00001726       0x35 ./utilities/fsl_debug_console.o
 .debug_macro   0x0000175b       0x1f ./utilities/fsl_debug_console.o
 .debug_macro   0x0000177a       0x10 ./utilities/fsl_debug_console.o
 .debug_macro   0x0000178a       0x58 ./utilities/fsl_debug_console.o
 .debug_macro   0x000017e2       0x3b ./utilities/fsl_debug_console.o
 .debug_macro   0x0000181d       0x50 ./utilities/fsl_debug_console.o
 .debug_macro   0x0000186d      0xbc6 ./utilities/fsl_debug_console.o
 .debug_macro   0x00002433       0x34 ./utilities/fsl_debug_console.o
 .debug_macro   0x00002467     0xba95 ./utilities/fsl_debug_console.o
 .debug_macro   0x0000defc     0x13ac ./utilities/fsl_debug_console.o
 .debug_macro   0x0000f2a8       0x2e ./utilities/fsl_debug_console.o
 .debug_macro   0x0000f2d6       0x10 ./utilities/fsl_debug_console.o
 .debug_macro   0x0000f2e6      0x152 ./utilities/fsl_debug_console.o
 .debug_macro   0x0000f438       0x35 ./utilities/fsl_debug_console.o
 .debug_macro   0x0000f46d       0x3a ./utilities/fsl_debug_console.o
 .debug_macro   0x0000f4a7       0xa5 ./startup/system_MK20LH7.o
 .debug_macro   0x0000f54c       0x44 ./startup/system_MK20LH7.o
 .debug_macro   0x0000f590      0x1d6 ./source/main.o
 .debug_macro   0x0000f766       0x10 ./source/main.o
 .debug_macro   0x0000f776      0x19d ./drivers/fsl_common.o
 .debug_macro   0x0000f913      0x199 ./drivers/fsl_dspi.o
 .debug_macro   0x0000faac       0x3a ./drivers/fsl_dspi.o
 .debug_macro   0x0000fae6      0x19f ./drivers/fsl_edma.o
 .debug_macro   0x0000fc85       0x16 ./drivers/fsl_edma.o
 .debug_macro   0x0000fc9b      0x19f ./drivers/fsl_flexcan.o
 .debug_macro   0x0000fe3a       0xd1 ./drivers/fsl_flexcan.o
 .debug_macro   0x0000ff0b      0x19a ./drivers/fsl_gpio.o
 .debug_macro   0x000100a5      0x19a ./drivers/fsl_i2c.o
 .debug_macro   0x0001023f      0x199 ./drivers/fsl_sai.o
 .debug_macro   0x000103d8       0x11 ./drivers/fsl_sai.o
 .debug_macro   0x000103e9      0x1a0 ./drivers/fsl_uart.o
 .debug_macro   0x00010589       0x4b ./board/board.o
 .debug_macro   0x000105d4       0x11 ./board/clock_config.o
 .debug_macro   0x000105e5      0x1aa ./board/pin_mux.o
 .debug_macro   0x0001078f       0x35 ./board/pin_mux.o

.debug_line     0x00000000     0x58d3
 .debug_line    0x00000000      0x7aa ./utilities/fsl_debug_console.o
 .debug_line    0x000007aa      0x131 ./startup/startup_MK20LH7.o
 .debug_line    0x000008db      0x27a ./startup/system_MK20LH7.o
 .debug_line    0x00000b55      0x3e9 ./source/main.o
 .debug_line    0x00000f3e      0x397 ./drivers/fsl_common.o
 .debug_line    0x000012d5      0xad1 ./drivers/fsl_dspi.o
 .debug_line    0x00001da6      0xa89 ./drivers/fsl_edma.o
 .debug_line    0x0000282f      0xa9b ./drivers/fsl_flexcan.o
 .debug_line    0x000032ca      0x3b2 ./drivers/fsl_gpio.o
 .debug_line    0x0000367c      0xa61 ./drivers/fsl_i2c.o
 .debug_line    0x000040dd      0x8f6 ./drivers/fsl_sai.o
 .debug_line    0x000049d3      0x9d5 ./drivers/fsl_uart.o
 .debug_line    0x000053a8      0x170 ./board/board.o
 .debug_line    0x00005518       0x48 ./board/clock_config.o
 .debug_line    0x00005560      0x373 ./board/pin_mux.o

.debug_str      0x00000000    0x6cd41
 .debug_str     0x00000000    0x65de5 ./utilities/fsl_debug_console.o
                              0x660ef (size before relaxing)
 .debug_str     0x00065de5      0x173 ./startup/system_MK20LH7.o
                              0x61b62 (size before relaxing)
 .debug_str     0x00065f58      0x1a7 ./source/main.o
                              0x64cb4 (size before relaxing)
 .debug_str     0x000660ff      0x71c ./drivers/fsl_common.o
                              0x6525b (size before relaxing)
 .debug_str     0x0006681b     0x1595 ./drivers/fsl_dspi.o
                              0x66a6e (size before relaxing)
 .debug_str     0x00067db0      0xf7f ./drivers/fsl_edma.o
                              0x66782 (size before relaxing)
 .debug_str     0x00068d2f     0x1d80 ./drivers/fsl_flexcan.o
                              0x6758c (size before relaxing)
 .debug_str     0x0006aaaf       0xd2 ./drivers/fsl_gpio.o
                              0x64f30 (size before relaxing)
 .debug_str     0x0006ab81      0xb26 ./drivers/fsl_i2c.o
                              0x66361 (size before relaxing)
 .debug_str     0x0006b6a7      0xa30 ./drivers/fsl_sai.o
                              0x66298 (size before relaxing)
 .debug_str     0x0006c0d7      0xb15 ./drivers/fsl_uart.o
                              0x6652f (size before relaxing)
 .debug_str     0x0006cbec       0x28 ./board/board.o
                               0x2f2e (size before relaxing)
 .debug_str     0x0006cc14       0x2b ./board/clock_config.o
                               0x241d (size before relaxing)
 .debug_str     0x0006cc3f      0x102 ./board/pin_mux.o
                              0x64e01 (size before relaxing)

.comment        0x00000000       0x70
 .comment       0x00000000       0x70 ./utilities/fsl_debug_console.o
                                 0x71 (size before relaxing)
 .comment       0x00000000       0x71 ./startup/system_MK20LH7.o
 .comment       0x00000000       0x71 ./source/main.o
 .comment       0x00000000       0x71 ./drivers/fsl_common.o
 .comment       0x00000000       0x71 ./drivers/fsl_dspi.o
 .comment       0x00000000       0x71 ./drivers/fsl_edma.o
 .comment       0x00000000       0x71 ./drivers/fsl_flexcan.o
 .comment       0x00000000       0x71 ./drivers/fsl_gpio.o
 .comment       0x00000000       0x71 ./drivers/fsl_i2c.o
 .comment       0x00000000       0x71 ./drivers/fsl_sai.o
 .comment       0x00000000       0x71 ./drivers/fsl_uart.o
 .comment       0x00000000       0x71 ./board/board.o
 .comment       0x00000000       0x71 ./board/clock_config.o
 .comment       0x00000000       0x71 ./board/pin_mux.o

.debug_frame    0x00000000     0x260c
 .debug_frame   0x00000000      0x1ec ./utilities/fsl_debug_console.o
 .debug_frame   0x000001ec       0x44 ./startup/system_MK20LH7.o
 .debug_frame   0x00000230       0x68 ./source/main.o
 .debug_frame   0x00000298       0x4c ./drivers/fsl_common.o
 .debug_frame   0x000002e4      0x5c0 ./drivers/fsl_dspi.o
 .debug_frame   0x000008a4      0x678 ./drivers/fsl_edma.o
 .debug_frame   0x00000f1c      0x570 ./drivers/fsl_flexcan.o
 .debug_frame   0x0000148c       0xac ./drivers/fsl_gpio.o
 .debug_frame   0x00001538      0x538 ./drivers/fsl_i2c.o
 .debug_frame   0x00001a70      0x4e0 ./drivers/fsl_sai.o
 .debug_frame   0x00001f50      0x554 ./drivers/fsl_uart.o
 .debug_frame   0x000024a4       0x28 ./board/board.o
 .debug_frame   0x000024cc       0x28 ./board/clock_config.o
 .debug_frame   0x000024f4       0x64 ./board/pin_mux.o
 .debug_frame   0x00002558       0x28 c:/freescale/kds_v3/toolchain/bin/../lib/gcc/arm-none-eabi/4.8.4/../../../../arm-none-eabi/lib/armv7e-m\libg_s.a(lib_a-exit.o)
 .debug_frame   0x00002580       0x2c c:/freescale/kds_v3/toolchain/bin/../lib/gcc/arm-none-eabi/4.8.4/../../../../arm-none-eabi/lib/armv7e-m\libg_s.a(lib_a-init.o)
 .debug_frame   0x000025ac       0x20 c:/freescale/kds_v3/toolchain/bin/../lib/gcc/arm-none-eabi/4.8.4/../../../../arm-none-eabi/lib/armv7e-m\libg_s.a(lib_a-memset.o)
 .debug_frame   0x000025cc       0x20 c:/freescale/kds_v3/toolchain/bin/../lib/gcc/arm-none-eabi/4.8.4/../../../../arm-none-eabi/lib/armv7e-m\libg_s.a(lib_a-strlen.o)
 .debug_frame   0x000025ec       0x20 c:/freescale/kds_v3/toolchain/bin/../lib/gcc/arm-none-eabi/4.8.4/../../../../arm-none-eabi/lib/armv7e-m\libnosys.a(_exit.o)
